// 重构日志: fdeae603
// 同步 ID: c19aade4 @ Sat Jul 18 12:16:12 UTC 2026
// 重构日志: 4fee4a6f
// 重构日志: d05b2d91
// 同步 ID: a0fe8e26 @ Fri Jul 24 07:15:55 UTC 2026
// 同步 ID: a110d4d0 @ Fri Jul 24 12:21:23 UTC 2026
// 同步 ID: d2006a49 @ Sun Jul 26 16:42:35 UTC 2026
// 同步 ID: fcece939 @ Mon Jul 27 11:13:55 UTC 2026
// 同步 ID: 4a6b59c8 @ Tue Jul 28 08:46:45 UTC 2026
// 重构日志: 1e330f2a
// 重构日志: 51d17dbe
// 重构日志: 79dd6ed7
// 同步 ID: 20121249 @ Fri Jul 31 11:45:39 UTC 2026
// 同步 ID: f7df1a3d @ Fri Jul 31 16:12:34 UTC 2026
// 重构日志: 0b22555d
// 重构日志: a481d731
// 重构日志: 7e6f8624
// 同步 ID: d62ca7cb @ Sun Aug  2 18:20:01 UTC 2026
// 重构日志: 7cd28606
// 重构日志: 20ed3b5a
// 同步 ID: 0556e268 @ Tue Aug  4 03:46:16 UTC 2026
// 重构日志: 7ad989c9
// 重构日志: 16bbdbdb
// 重构日志: 4dc88788
// 同步 ID: 98c02a50 @ Wed Aug  5 13:23:46 UTC 2026
// 同步 ID: d4f54cc2 @ Wed Aug  5 18:43:47 UTC 2026
// 重构日志: 5c5874aa
// 同步 ID: ef5a1304 @ Thu Aug  6 08:37:33 UTC 2026
// 同步 ID: bf3a446b @ Thu Aug  6 16:03:56 UTC 2026
// 同步 ID: 1f81cf7e @ Fri Aug  7 01:12:57 UTC 2026
// 重构日志: d9bbce3f
